Archive member included because of file (symbol)

c:/program files/atmel/avr tools/avr toolchain/bin/../lib/gcc/avr/4.5.1/avr51\libgcc.a(_exit.o)
                              c:/program files/atmel/avr tools/avr toolchain/bin/../lib/gcc/avr/4.5.1/../../../../avr/lib/avr51/crtm128.o (exit)
c:/program files/atmel/avr tools/avr toolchain/bin/../lib/gcc/avr/4.5.1/avr51\libgcc.a(_copy_data.o)
                              Exam3.o (__do_copy_data)
c:/program files/atmel/avr tools/avr toolchain/bin/../lib/gcc/avr/4.5.1/../../../../avr/lib/avr51\libc.a(sprintf.o)
                              Exam3.o (sprintf)
c:/program files/atmel/avr tools/avr toolchain/bin/../lib/gcc/avr/4.5.1/../../../../avr/lib/avr51\libc.a(vfprintf_std.o)
                              c:/program files/atmel/avr tools/avr toolchain/bin/../lib/gcc/avr/4.5.1/../../../../avr/lib/avr51\libc.a(sprintf.o) (vfprintf)
c:/program files/atmel/avr tools/avr toolchain/bin/../lib/gcc/avr/4.5.1/../../../../avr/lib/avr51\libc.a(strnlen_P.o)
                              c:/program files/atmel/avr tools/avr toolchain/bin/../lib/gcc/avr/4.5.1/../../../../avr/lib/avr51\libc.a(vfprintf_std.o) (strnlen_P)
c:/program files/atmel/avr tools/avr toolchain/bin/../lib/gcc/avr/4.5.1/../../../../avr/lib/avr51\libc.a(strnlen.o)
                              c:/program files/atmel/avr tools/avr toolchain/bin/../lib/gcc/avr/4.5.1/../../../../avr/lib/avr51\libc.a(vfprintf_std.o) (strnlen)
c:/program files/atmel/avr tools/avr toolchain/bin/../lib/gcc/avr/4.5.1/../../../../avr/lib/avr51\libc.a(fputc.o)
                              c:/program files/atmel/avr tools/avr toolchain/bin/../lib/gcc/avr/4.5.1/../../../../avr/lib/avr51\libc.a(vfprintf_std.o) (fputc)
c:/program files/atmel/avr tools/avr toolchain/bin/../lib/gcc/avr/4.5.1/../../../../avr/lib/avr51\libc.a(ultoa_invert.o)
                              c:/program files/atmel/avr tools/avr toolchain/bin/../lib/gcc/avr/4.5.1/../../../../avr/lib/avr51\libc.a(vfprintf_std.o) (__ultoa_invert)

Memory Configuration

Name             Origin             Length             Attributes
text             0x00000000         0x00020000         xr
data             0x00800100         0x0000ff00         rw !x
eeprom           0x00810000         0x00010000         rw !x
fuse             0x00820000         0x00000400         rw !x
lock             0x00830000         0x00000400         rw !x
signature        0x00840000         0x00000400         rw !x
*default*        0x00000000         0xffffffff

Linker script and memory map

Address of section .data set to 0x800100
LOAD c:/program files/atmel/avr tools/avr toolchain/bin/../lib/gcc/avr/4.5.1/../../../../avr/lib/avr51/crtm128.o
LOAD Exam3.o
LOAD c:/program files/atmel/avr tools/avr toolchain/bin/../lib/gcc/avr/4.5.1/avr51\libgcc.a
LOAD c:/program files/atmel/avr tools/avr toolchain/bin/../lib/gcc/avr/4.5.1/../../../../avr/lib/avr51\libc.a
LOAD c:/program files/atmel/avr tools/avr toolchain/bin/../lib/gcc/avr/4.5.1/avr51\libgcc.a

.hash
 *(.hash)

.dynsym
 *(.dynsym)

.dynstr
 *(.dynstr)

.gnu.version
 *(.gnu.version)

.gnu.version_d
 *(.gnu.version_d)

.gnu.version_r
 *(.gnu.version_r)

.rel.init
 *(.rel.init)

.rela.init
 *(.rela.init)

.rel.text
 *(.rel.text)
 *(.rel.text.*)
 *(.rel.gnu.linkonce.t*)

.rela.text
 *(.rela.text)
 *(.rela.text.*)
 *(.rela.gnu.linkonce.t*)

.rel.fini
 *(.rel.fini)

.rela.fini
 *(.rela.fini)

.rel.rodata
 *(.rel.rodata)
 *(.rel.rodata.*)
 *(.rel.gnu.linkonce.r*)

.rela.rodata
 *(.rela.rodata)
 *(.rela.rodata.*)
 *(.rela.gnu.linkonce.r*)

.rel.data
 *(.rel.data)
 *(.rel.data.*)
 *(.rel.gnu.linkonce.d*)

.rela.data
 *(.rela.data)
 *(.rela.data.*)
 *(.rela.gnu.linkonce.d*)

.rel.ctors
 *(.rel.ctors)

.rela.ctors
 *(.rela.ctors)

.rel.dtors
 *(.rel.dtors)

.rela.dtors
 *(.rela.dtors)

.rel.got
 *(.rel.got)

.rela.got
 *(.rela.got)

.rel.bss
 *(.rel.bss)

.rela.bss
 *(.rela.bss)

.rel.plt
 *(.rel.plt)

.rela.plt
 *(.rela.plt)

.text           0x00000000      0x786
 *(.vectors)
 .vectors       0x00000000       0x8c c:/program files/atmel/avr tools/avr toolchain/bin/../lib/gcc/avr/4.5.1/../../../../avr/lib/avr51/crtm128.o
                0x00000000                __vector_default
                0x00000000                __vectors
 *(.vectors)
 *(.progmem.gcc*)
 *(.progmem*)
                0x0000008c                . = ALIGN (0x2)
                0x0000008c                __trampolines_start = .
 *(.trampolines)
 .trampolines   0x0000008c        0x0 linker stubs
 *(.trampolines*)
                0x0000008c                __trampolines_end = .
 *(.jumptables)
 *(.jumptables*)
 *(.lowtext)
 *(.lowtext*)
                0x0000008c                __ctors_start = .
 *(.ctors)
                0x0000008c                __ctors_end = .
                0x0000008c                __dtors_start = .
 *(.dtors)
                0x0000008c                __dtors_end = .
 SORT(*)(.ctors)
 SORT(*)(.dtors)
 *(.init0)
 .init0         0x0000008c        0x0 c:/program files/atmel/avr tools/avr toolchain/bin/../lib/gcc/avr/4.5.1/../../../../avr/lib/avr51/crtm128.o
                0x0000008c                __init
 *(.init0)
 *(.init1)
 *(.init1)
 *(.init2)
 .init2         0x0000008c        0xc c:/program files/atmel/avr tools/avr toolchain/bin/../lib/gcc/avr/4.5.1/../../../../avr/lib/avr51/crtm128.o
 *(.init2)
 *(.init3)
 *(.init3)
 *(.init4)
 .init4         0x00000098       0x1a c:/program files/atmel/avr tools/avr toolchain/bin/../lib/gcc/avr/4.5.1/avr51\libgcc.a(_copy_data.o)
                0x00000098                __do_copy_data
 *(.init4)
 *(.init5)
 *(.init5)
 *(.init6)
 *(.init6)
 *(.init7)
 *(.init7)
 *(.init8)
 *(.init8)
 *(.init9)
 .init9         0x000000b2        0x8 c:/program files/atmel/avr tools/avr toolchain/bin/../lib/gcc/avr/4.5.1/../../../../avr/lib/avr51/crtm128.o
 *(.init9)
 *(.text)
 .text          0x000000ba        0x4 c:/program files/atmel/avr tools/avr toolchain/bin/../lib/gcc/avr/4.5.1/../../../../avr/lib/avr51/crtm128.o
                0x000000ba                __vector_22
                0x000000ba                __vector_28
                0x000000ba                __vector_1
                0x000000ba                __vector_32
                0x000000ba                __vector_34
                0x000000ba                __vector_24
                0x000000ba                __vector_12
                0x000000ba                __bad_interrupt
                0x000000ba                __vector_6
                0x000000ba                __vector_31
                0x000000ba                __vector_3
                0x000000ba                __vector_23
                0x000000ba                __vector_30
                0x000000ba                __vector_25
                0x000000ba                __vector_11
                0x000000ba                __vector_13
                0x000000ba                __vector_17
                0x000000ba                __vector_19
                0x000000ba                __vector_7
                0x000000ba                __vector_27
                0x000000ba                __vector_5
                0x000000ba                __vector_33
                0x000000ba                __vector_4
                0x000000ba                __vector_9
                0x000000ba                __vector_2
                0x000000ba                __vector_21
                0x000000ba                __vector_15
                0x000000ba                __vector_29
                0x000000ba                __vector_8
                0x000000ba                __vector_26
                0x000000ba                __vector_14
                0x000000ba                __vector_10
                0x000000ba                __vector_16
                0x000000ba                __vector_18
                0x000000ba                __vector_20
 .text          0x000000be      0x104 Exam3.o
                0x000000be                main
 .text          0x000001c2        0x0 c:/program files/atmel/avr tools/avr toolchain/bin/../lib/gcc/avr/4.5.1/avr51\libgcc.a(_exit.o)
 .text          0x000001c2        0x0 c:/program files/atmel/avr tools/avr toolchain/bin/../lib/gcc/avr/4.5.1/avr51\libgcc.a(_copy_data.o)
 .text          0x000001c2        0x0 c:/program files/atmel/avr tools/avr toolchain/bin/../lib/gcc/avr/4.5.1/../../../../avr/lib/avr51\libc.a(sprintf.o)
 .text          0x000001c2        0x0 c:/program files/atmel/avr tools/avr toolchain/bin/../lib/gcc/avr/4.5.1/../../../../avr/lib/avr51\libc.a(vfprintf_std.o)
 .text          0x000001c2        0x0 c:/program files/atmel/avr tools/avr toolchain/bin/../lib/gcc/avr/4.5.1/../../../../avr/lib/avr51\libc.a(strnlen_P.o)
 .text          0x000001c2        0x0 c:/program files/atmel/avr tools/avr toolchain/bin/../lib/gcc/avr/4.5.1/../../../../avr/lib/avr51\libc.a(strnlen.o)
 .text          0x000001c2        0x0 c:/program files/atmel/avr tools/avr toolchain/bin/../lib/gcc/avr/4.5.1/../../../../avr/lib/avr51\libc.a(fputc.o)
 .text          0x000001c2        0x0 c:/program files/atmel/avr tools/avr toolchain/bin/../lib/gcc/avr/4.5.1/../../../../avr/lib/avr51\libc.a(ultoa_invert.o)
                0x000001c2                . = ALIGN (0x2)
 *(.text.*)
 .text.libgcc   0x000001c2        0x0 c:/program files/atmel/avr tools/avr toolchain/bin/../lib/gcc/avr/4.5.1/avr51\libgcc.a(_exit.o)
 .text.libgcc   0x000001c2        0x0 c:/program files/atmel/avr tools/avr toolchain/bin/../lib/gcc/avr/4.5.1/avr51\libgcc.a(_copy_data.o)
 .text.avr-libc
                0x000001c2       0x60 c:/program files/atmel/avr tools/avr toolchain/bin/../lib/gcc/avr/4.5.1/../../../../avr/lib/avr51\libc.a(sprintf.o)
                0x000001c2                sprintf
 .text.avr-libc
                0x00000222      0x420 c:/program files/atmel/avr tools/avr toolchain/bin/../lib/gcc/avr/4.5.1/../../../../avr/lib/avr51\libc.a(vfprintf_std.o)
                0x00000222                vfprintf
 .text.avr-libc
                0x00000642       0x16 c:/program files/atmel/avr tools/avr toolchain/bin/../lib/gcc/avr/4.5.1/../../../../avr/lib/avr51\libc.a(strnlen_P.o)
                0x00000642                strnlen_P
 .text.avr-libc
                0x00000658       0x16 c:/program files/atmel/avr tools/avr toolchain/bin/../lib/gcc/avr/4.5.1/../../../../avr/lib/avr51\libc.a(strnlen.o)
                0x00000658                strnlen
 .text.avr-libc
                0x0000066e       0x58 c:/program files/atmel/avr tools/avr toolchain/bin/../lib/gcc/avr/4.5.1/../../../../avr/lib/avr51\libc.a(fputc.o)
                0x0000066e                fputc
 .text.avr-libc
                0x000006c6       0xbc c:/program files/atmel/avr tools/avr toolchain/bin/../lib/gcc/avr/4.5.1/../../../../avr/lib/avr51\libc.a(ultoa_invert.o)
                0x000006c6                __ultoa_invert
                0x00000782                . = ALIGN (0x2)
 *(.fini9)
 .fini9         0x00000782        0x0 c:/program files/atmel/avr tools/avr toolchain/bin/../lib/gcc/avr/4.5.1/avr51\libgcc.a(_exit.o)
                0x00000782                _exit
                0x00000782                exit
 *(.fini9)
 *(.fini8)
 *(.fini8)
 *(.fini7)
 *(.fini7)
 *(.fini6)
 *(.fini6)
 *(.fini5)
 *(.fini5)
 *(.fini4)
 *(.fini4)
 *(.fini3)
 *(.fini3)
 *(.fini2)
 *(.fini2)
 *(.fini1)
 *(.fini1)
 *(.fini0)
 .fini0         0x00000782        0x4 c:/program files/atmel/avr tools/avr toolchain/bin/../lib/gcc/avr/4.5.1/avr51\libgcc.a(_exit.o)
 *(.fini0)
                0x00000786                _etext = .

.data           0x00800100       0x10 load address 0x00000786
                0x00800100                PROVIDE (__data_start, .)
 *(.data)
 .data          0x00800100        0x0 c:/program files/atmel/avr tools/avr toolchain/bin/../lib/gcc/avr/4.5.1/../../../../avr/lib/avr51/crtm128.o
 .data          0x00800100        0xf Exam3.o
                0x00800105                fnd
 .data          0x0080010f        0x0 c:/program files/atmel/avr tools/avr toolchain/bin/../lib/gcc/avr/4.5.1/avr51\libgcc.a(_exit.o)
 .data          0x0080010f        0x0 c:/program files/atmel/avr tools/avr toolchain/bin/../lib/gcc/avr/4.5.1/avr51\libgcc.a(_copy_data.o)
 .data          0x0080010f        0x0 c:/program files/atmel/avr tools/avr toolchain/bin/../lib/gcc/avr/4.5.1/../../../../avr/lib/avr51\libc.a(sprintf.o)
 .data          0x0080010f        0x0 c:/program files/atmel/avr tools/avr toolchain/bin/../lib/gcc/avr/4.5.1/../../../../avr/lib/avr51\libc.a(vfprintf_std.o)
 .data          0x0080010f        0x0 c:/program files/atmel/avr tools/avr toolchain/bin/../lib/gcc/avr/4.5.1/../../../../avr/lib/avr51\libc.a(strnlen_P.o)
 .data          0x0080010f        0x0 c:/program files/atmel/avr tools/avr toolchain/bin/../lib/gcc/avr/4.5.1/../../../../avr/lib/avr51\libc.a(strnlen.o)
 .data          0x0080010f        0x0 c:/program files/atmel/avr tools/avr toolchain/bin/../lib/gcc/avr/4.5.1/../../../../avr/lib/avr51\libc.a(fputc.o)
 .data          0x0080010f        0x0 c:/program files/atmel/avr tools/avr toolchain/bin/../lib/gcc/avr/4.5.1/../../../../avr/lib/avr51\libc.a(ultoa_invert.o)
 *(.data*)
 *(.rodata)
 *(.rodata*)
 *(.gnu.linkonce.d*)
                0x00800110                . = ALIGN (0x2)
 *fill*         0x0080010f        0x1 00
                0x00800110                _edata = .
                0x00800110                PROVIDE (__data_end, .)

.bss            0x00800110        0x0
                0x00800110                PROVIDE (__bss_start, .)
 *(.bss)
 .bss           0x00800110        0x0 c:/program files/atmel/avr tools/avr toolchain/bin/../lib/gcc/avr/4.5.1/../../../../avr/lib/avr51/crtm128.o
 .bss           0x00800110        0x0 Exam3.o
 .bss           0x00800110        0x0 c:/program files/atmel/avr tools/avr toolchain/bin/../lib/gcc/avr/4.5.1/avr51\libgcc.a(_exit.o)
 .bss           0x00800110        0x0 c:/program files/atmel/avr tools/avr toolchain/bin/../lib/gcc/avr/4.5.1/avr51\libgcc.a(_copy_data.o)
 .bss           0x00800110        0x0 c:/program files/atmel/avr tools/avr toolchain/bin/../lib/gcc/avr/4.5.1/../../../../avr/lib/avr51\libc.a(sprintf.o)
 .bss           0x00800110        0x0 c:/program files/atmel/avr tools/avr toolchain/bin/../lib/gcc/avr/4.5.1/../../../../avr/lib/avr51\libc.a(vfprintf_std.o)
 .bss           0x00800110        0x0 c:/program files/atmel/avr tools/avr toolchain/bin/../lib/gcc/avr/4.5.1/../../../../avr/lib/avr51\libc.a(strnlen_P.o)
 .bss           0x00800110        0x0 c:/program files/atmel/avr tools/avr toolchain/bin/../lib/gcc/avr/4.5.1/../../../../avr/lib/avr51\libc.a(strnlen.o)
 .bss           0x00800110        0x0 c:/program files/atmel/avr tools/avr toolchain/bin/../lib/gcc/avr/4.5.1/../../../../avr/lib/avr51\libc.a(fputc.o)
 .bss           0x00800110        0x0 c:/program files/atmel/avr tools/avr toolchain/bin/../lib/gcc/avr/4.5.1/../../../../avr/lib/avr51\libc.a(ultoa_invert.o)
 *(.bss*)
 *(COMMON)
                0x00800110                PROVIDE (__bss_end, .)
                0x00000786                __data_load_start = LOADADDR (.data)
                0x00000796                __data_load_end = (__data_load_start + SIZEOF (.data))

.noinit         0x00800110        0x0
                0x00800110                PROVIDE (__noinit_start, .)
 *(.noinit*)
                0x00800110                PROVIDE (__noinit_end, .)
                0x00800110                _end = .
                0x00800110                PROVIDE (__heap_start, .)

.eeprom         0x00810000        0x0
 *(.eeprom*)
                0x00810000                __eeprom_end = .

.fuse
 *(.fuse)
 *(.lfuse)
 *(.hfuse)
 *(.efuse)

.lock
 *(.lock*)

.signature
 *(.signature*)

.stab           0x00000000      0xc84
 *(.stab)
 .stab          0x00000000      0x6cc c:/program files/atmel/avr tools/avr toolchain/bin/../lib/gcc/avr/4.5.1/../../../../avr/lib/avr51/crtm128.o
 .stab          0x000006cc       0x9c c:/program files/atmel/avr tools/avr toolchain/bin/../lib/gcc/avr/4.5.1/../../../../avr/lib/avr51\libc.a(strnlen_P.o)
                                 0xa8 (size before relaxing)
 .stab          0x00000768       0x9c c:/program files/atmel/avr tools/avr toolchain/bin/../lib/gcc/avr/4.5.1/../../../../avr/lib/avr51\libc.a(strnlen.o)
                                 0xa8 (size before relaxing)
 .stab          0x00000804      0x480 c:/program files/atmel/avr tools/avr toolchain/bin/../lib/gcc/avr/4.5.1/../../../../avr/lib/avr51\libc.a(ultoa_invert.o)
                                0x48c (size before relaxing)

.stabstr        0x00000000      0x1b6
 *(.stabstr)
 .stabstr       0x00000000      0x1b6 c:/program files/atmel/avr tools/avr toolchain/bin/../lib/gcc/avr/4.5.1/../../../../avr/lib/avr51/crtm128.o

.stab.excl
 *(.stab.excl)

.stab.exclstr
 *(.stab.exclstr)

.stab.index
 *(.stab.index)

.stab.indexstr
 *(.stab.indexstr)

.comment
 *(.comment)

.debug
 *(.debug)

.line
 *(.line)

.debug_srcinfo
 *(.debug_srcinfo)

.debug_sfnames
 *(.debug_sfnames)

.debug_aranges  0x00000000       0x80
 *(.debug_aranges)
 .debug_aranges
                0x00000000       0x20 Exam3.o
 .debug_aranges
                0x00000020       0x20 c:/program files/atmel/avr tools/avr toolchain/bin/../lib/gcc/avr/4.5.1/../../../../avr/lib/avr51\libc.a(sprintf.o)
 .debug_aranges
                0x00000040       0x20 c:/program files/atmel/avr tools/avr toolchain/bin/../lib/gcc/avr/4.5.1/../../../../avr/lib/avr51\libc.a(vfprintf_std.o)
 .debug_aranges
                0x00000060       0x20 c:/program files/atmel/avr tools/avr toolchain/bin/../lib/gcc/avr/4.5.1/../../../../avr/lib/avr51\libc.a(fputc.o)

.debug_pubnames
                0x00000000       0x7c
 *(.debug_pubnames)
 .debug_pubnames
                0x00000000       0x23 Exam3.o
 .debug_pubnames
                0x00000023       0x1e c:/program files/atmel/avr tools/avr toolchain/bin/../lib/gcc/avr/4.5.1/../../../../avr/lib/avr51\libc.a(sprintf.o)
 .debug_pubnames
                0x00000041       0x1f c:/program files/atmel/avr tools/avr toolchain/bin/../lib/gcc/avr/4.5.1/../../../../avr/lib/avr51\libc.a(vfprintf_std.o)
 .debug_pubnames
                0x00000060       0x1c c:/program files/atmel/avr tools/avr toolchain/bin/../lib/gcc/avr/4.5.1/../../../../avr/lib/avr51\libc.a(fputc.o)

.debug_info     0x00000000      0x92f
 *(.debug_info)
 .debug_info    0x00000000      0x2c1 Exam3.o
 .debug_info    0x000002c1      0x1b7 c:/program files/atmel/avr tools/avr toolchain/bin/../lib/gcc/avr/4.5.1/../../../../avr/lib/avr51\libc.a(sprintf.o)
 .debug_info    0x00000478      0x350 c:/program files/atmel/avr tools/avr toolchain/bin/../lib/gcc/avr/4.5.1/../../../../avr/lib/avr51\libc.a(vfprintf_std.o)
 .debug_info    0x000007c8      0x167 c:/program files/atmel/avr tools/avr toolchain/bin/../lib/gcc/avr/4.5.1/../../../../avr/lib/avr51\libc.a(fputc.o)
 *(.gnu.linkonce.wi.*)

.debug_abbrev   0x00000000      0x4a4
 *(.debug_abbrev)
 .debug_abbrev  0x00000000      0x16f Exam3.o
 .debug_abbrev  0x0000016f       0xfd c:/program files/atmel/avr tools/avr toolchain/bin/../lib/gcc/avr/4.5.1/../../../../avr/lib/avr51\libc.a(sprintf.o)
 .debug_abbrev  0x0000026c      0x15f c:/program files/atmel/avr tools/avr toolchain/bin/../lib/gcc/avr/4.5.1/../../../../avr/lib/avr51\libc.a(vfprintf_std.o)
 .debug_abbrev  0x000003cb       0xd9 c:/program files/atmel/avr tools/avr toolchain/bin/../lib/gcc/avr/4.5.1/../../../../avr/lib/avr51\libc.a(fputc.o)

.debug_line     0x00000000      0xb5c
 *(.debug_line)
 .debug_line    0x00000000      0x219 Exam3.o
 .debug_line    0x00000219      0x1af c:/program files/atmel/avr tools/avr toolchain/bin/../lib/gcc/avr/4.5.1/../../../../avr/lib/avr51\libc.a(sprintf.o)
 .debug_line    0x000003c8      0x64d c:/program files/atmel/avr tools/avr toolchain/bin/../lib/gcc/avr/4.5.1/../../../../avr/lib/avr51\libc.a(vfprintf_std.o)
 .debug_line    0x00000a15      0x147 c:/program files/atmel/avr tools/avr toolchain/bin/../lib/gcc/avr/4.5.1/../../../../avr/lib/avr51\libc.a(fputc.o)

.debug_frame    0x00000000       0x80
 *(.debug_frame)
 .debug_frame   0x00000000       0x20 Exam3.o
 .debug_frame   0x00000020       0x20 c:/program files/atmel/avr tools/avr toolchain/bin/../lib/gcc/avr/4.5.1/../../../../avr/lib/avr51\libc.a(sprintf.o)
 .debug_frame   0x00000040       0x20 c:/program files/atmel/avr tools/avr toolchain/bin/../lib/gcc/avr/4.5.1/../../../../avr/lib/avr51\libc.a(vfprintf_std.o)
 .debug_frame   0x00000060       0x20 c:/program files/atmel/avr tools/avr toolchain/bin/../lib/gcc/avr/4.5.1/../../../../avr/lib/avr51\libc.a(fputc.o)

.debug_str      0x00000000      0x28a
 *(.debug_str)
 .debug_str     0x00000000       0xf3 Exam3.o
                                0x12c (size before relaxing)
 .debug_str     0x000000f3       0x91 c:/program files/atmel/avr tools/avr toolchain/bin/../lib/gcc/avr/4.5.1/../../../../avr/lib/avr51\libc.a(sprintf.o)
                                0x121 (size before relaxing)
 .debug_str     0x00000184       0xb0 c:/program files/atmel/avr tools/avr toolchain/bin/../lib/gcc/avr/4.5.1/../../../../avr/lib/avr51\libc.a(vfprintf_std.o)
                                0x177 (size before relaxing)
 .debug_str     0x00000234       0x56 c:/program files/atmel/avr tools/avr toolchain/bin/../lib/gcc/avr/4.5.1/../../../../avr/lib/avr51\libc.a(fputc.o)
                                 0xfb (size before relaxing)

.debug_loc      0x00000000      0x739
 *(.debug_loc)
 .debug_loc     0x00000000       0x38 Exam3.o
 .debug_loc     0x00000038      0x6b1 c:/program files/atmel/avr tools/avr toolchain/bin/../lib/gcc/avr/4.5.1/../../../../avr/lib/avr51\libc.a(vfprintf_std.o)
 .debug_loc     0x000006e9       0x50 c:/program files/atmel/avr tools/avr toolchain/bin/../lib/gcc/avr/4.5.1/../../../../avr/lib/avr51\libc.a(fputc.o)

.debug_macinfo
 *(.debug_macinfo)
OUTPUT(Exam3.elf elf32-avr)
LOAD linker stubs

.debug_pubtypes
                0x00000000       0xfc
 .debug_pubtypes
                0x00000000       0x38 Exam3.o
 .debug_pubtypes
                0x00000038       0x48 c:/program files/atmel/avr tools/avr toolchain/bin/../lib/gcc/avr/4.5.1/../../../../avr/lib/avr51\libc.a(sprintf.o)
 .debug_pubtypes
                0x00000080       0x53 c:/program files/atmel/avr tools/avr toolchain/bin/../lib/gcc/avr/4.5.1/../../../../avr/lib/avr51\libc.a(vfprintf_std.o)
 .debug_pubtypes
                0x000000d3       0x29 c:/program files/atmel/avr tools/avr toolchain/bin/../lib/gcc/avr/4.5.1/../../../../avr/lib/avr51\libc.a(fputc.o)

.debug_ranges   0x00000000       0x48
 .debug_ranges  0x00000000       0x10 c:/program files/atmel/avr tools/avr toolchain/bin/../lib/gcc/avr/4.5.1/../../../../avr/lib/avr51\libc.a(sprintf.o)
 .debug_ranges  0x00000010       0x28 c:/program files/atmel/avr tools/avr toolchain/bin/../lib/gcc/avr/4.5.1/../../../../avr/lib/avr51\libc.a(vfprintf_std.o)
 .debug_ranges  0x00000038       0x10 c:/program files/atmel/avr tools/avr toolchain/bin/../lib/gcc/avr/4.5.1/../../../../avr/lib/avr51\libc.a(fputc.o)
